// Jest Snapshot v1, https://goo.gl/fbAQLP

exports[`ForecastSummary renders 1`] = `
<DocumentFragment>
  <div
    class="forecast-summary"
  >
    <span
      class="date"
    >
      mockDate
    </span>
    <span
      class="temperature"
    >
       mockTemperature
    </span>
    <span
      class="description"
    >
      mockDescription
    </span>
    <span
      class="icon"
    >
      mockIcon
    </span>
  </div>
</DocumentFragment>
`;
